// Jest Snapshot v1, https://goo.gl/fbAQLP

exports[`RS should be correct otherContent data 1`] = `"5dab3ad10db6db0ebce02023591662b2d26dbbe7"`;
