// Jest Snapshot v1, https://goo.gl/fbAQLP

exports[`RS should be correct schedule data 1`] = `
Array [
  Object {
    "list": Array [],
    "name": "10",
    "tab": "Talks & Q&A",
    "title": "Talks & Q&A",
  },
]
`;
