// Jest Snapshot v1, https://goo.gl/fbAQLP

exports[`RS should be correct workshops data 1`] = `Array []`;
